// Jest Snapshot v1, https://goo.gl/fbAQLP

exports[`Config matches snapshot 1`] = `
.c0 {
  margin: 16px;
}

<div
  className="c0"
  data-testid="config_view"
>
  <mock-Editor
    highlightActiveLine={false}
    isFixedHeight={true}
    readOnly={true}
    value="{
	\\"connector.class\\": \\"FileStreamSource\\",
	\\"tasks.max\\": \\"10\\",
	\\"topic\\": \\"test-topic\\",
	\\"file\\": \\"/some/file\\"
}"
  />
</div>
`;

exports[`Config matches snapshot when fetching config 1`] = `<mock-PageLoader />`;
